// Jest Snapshot v1, https://goo.gl/fbAQLP

exports[`rootReducer initial state matches snapshot 1`] = `
Object {
  "todoLists": Array [],
}
`;
