// Jest Snapshot v1, https://goo.gl/fbAQLP

exports[`App snapshot matches 1`] = `
<div
  className="App"
>
  <h1
    className="App-header"
  >
    Stuff I need to do
  </h1>
</div>
`;
